     1                                  section .data              ; сегмент инициализированных переменных
     2 00000000 507265737320456E74-     ExitMsg db "Press Enter to Exit",10  ; выводимое сообщение
     2 00000009 657220746F20457869-
     2 00000012 740A               
     3                                  lenExit equ $-ExitMsg
     4 00000014 09                      A db 9
     5 00000015 0D                      B db 13
     6                                     section .bss               ; сегмент неинициализированных переменных
     7 00000000 <res 0000000A>          InBuf   resb    10            ; буфер для вводимой строки
     8                                  lenIn   equ     $-InBuf
     9 0000000A <res 00000001>          C resb 1 
    10                                          section .text         ; сегмент кода
    11                                          global  _start
    12                                  _start: 
    13                                          ; write
    14 00000000 8B0425[14000000]                mov     eax, [A]
    15 00000007 030425[15000000]                add     eax, [B]
    16 0000000E 890425[0A000000]                mov     [C], eax
    17 00000015 B801000000                      mov     rax, 1        ; системная функция 1 (write)
    18 0000001A BF01000000                      mov     rdi, 1        ; дескриптор файла stdout=1
    19 0000001F 48BE-                           mov     rsi, ExitMsg  ; адрес выводимой строки
    19 00000021 [0000000000000000] 
    20 00000029 BA14000000                      mov     rdx, lenExit  ; длина строки
    21 0000002E 0F05                            syscall               ; вызов системной функции
    22                                          ; read
    23 00000030 B800000000                      mov     rax, 0        ; системная функция 0 (read)
    24 00000035 BF00000000                      mov     rdi, 0        ; дескриптор файла stdin=0
    25 0000003A 48BE-                           mov     rsi, InBuf    ; адрес вводимой строки
    25 0000003C [0000000000000000] 
    26 00000044 BA0A000000                      mov     rdx, lenIn    ; длина строки
    27 00000049 0F05                            syscall               ; вызов системной функции
    28                                          ; exit
    29 0000004B B83C000000                      mov     rax, 60       ; системная функция 60 (exit)
    30 00000050 4831FF                          xor     rdi, rdi      ; return code 0    
    31 00000053 0F05                            syscall               ; вызов системной функции
